<?xml version="1.0" encoding="UTF-8"?>
<testsuites tests="22" failures="0" disabled="0" errors="0" time="1.018" timestamp="2025-10-01T23:10:31.365" name="AllTests">
  <testsuite name="DiskCacheTest" tests="22" failures="0" disabled="0" skipped="0" errors="0" time="1.018" timestamp="2025-10-01T23:10:31.365">
    <testcase name="InitializeCreatesDirectory" file="/Users/vinaysharma/developer/dedup_server/tests/unit/test_disk_cache.cpp" line="89" status="run" result="completed" time="0.002" timestamp="2025-10-01T23:10:31.365" classname="DiskCacheTest" />
    <testcase name="InitializeClearsExistingCache" file="/Users/vinaysharma/developer/dedup_server/tests/unit/test_disk_cache.cpp" line="98" status="run" result="completed" time="0.003" timestamp="2025-10-01T23:10:31.368" classname="DiskCacheTest" />
    <testcase name="CopyToCache_Success" file="/Users/vinaysharma/developer/dedup_server/tests/unit/test_disk_cache.cpp" line="113" status="run" result="completed" time="0.003" timestamp="2025-10-01T23:10:31.372" classname="DiskCacheTest" />
    <testcase name="CopyToCache_NonExistentFile" file="/Users/vinaysharma/developer/dedup_server/tests/unit/test_disk_cache.cpp" line="129" status="run" result="completed" time="0.002" timestamp="2025-10-01T23:10:31.376" classname="DiskCacheTest" />
    <testcase name="CopyToCache_OverwritesSameName" file="/Users/vinaysharma/developer/dedup_server/tests/unit/test_disk_cache.cpp" line="137" status="run" result="completed" time="0.003" timestamp="2025-10-01T23:10:31.378" classname="DiskCacheTest" />
    <testcase name="SaveStreamToCache_Success" file="/Users/vinaysharma/developer/dedup_server/tests/unit/test_disk_cache.cpp" line="159" status="run" result="completed" time="0.002" timestamp="2025-10-01T23:10:31.382" classname="DiskCacheTest" />
    <testcase name="DeleteFromCache_Success" file="/Users/vinaysharma/developer/dedup_server/tests/unit/test_disk_cache.cpp" line="178" status="run" result="completed" time="0.003" timestamp="2025-10-01T23:10:31.384" classname="DiskCacheTest" />
    <testcase name="ClearCache_RemovesAllFiles" file="/Users/vinaysharma/developer/dedup_server/tests/unit/test_disk_cache.cpp" line="201" status="run" result="completed" time="0.008" timestamp="2025-10-01T23:10:31.388" classname="DiskCacheTest" />
    <testcase name="EnforceSizeLimit_RemovesOldestFiles" file="/Users/vinaysharma/developer/dedup_server/tests/unit/test_disk_cache.cpp" line="234" status="run" result="completed" time="0.332" timestamp="2025-10-01T23:10:31.396" classname="DiskCacheTest" />
    <testcase name="FileLargerThanLimit_ClearsCacheAndAllows" file="/Users/vinaysharma/developer/dedup_server/tests/unit/test_disk_cache.cpp" line="263" status="run" result="completed" time="0.028" timestamp="2025-10-01T23:10:31.729" classname="DiskCacheTest" />
    <testcase name="ConfigChange_Location_UpdatesCache" file="/Users/vinaysharma/developer/dedup_server/tests/unit/test_disk_cache.cpp" line="293" status="run" result="completed" time="0.107" timestamp="2025-10-01T23:10:31.758" classname="DiskCacheTest" />
    <testcase name="ConfigChange_SizeLimit_EnforcesNewLimit" file="/Users/vinaysharma/developer/dedup_server/tests/unit/test_disk_cache.cpp" line="314" status="run" result="completed" time="0.429" timestamp="2025-10-01T23:10:31.866" classname="DiskCacheTest" />
    <testcase name="ThreadSafety_ConcurrentOperations" file="/Users/vinaysharma/developer/dedup_server/tests/unit/test_disk_cache.cpp" line="345" status="run" result="completed" time="0.024" timestamp="2025-10-01T23:10:32.295" classname="DiskCacheTest" />
    <testcase name="GetCurrentSizeMB_ReturnsCorrectSize" file="/Users/vinaysharma/developer/dedup_server/tests/unit/test_disk_cache.cpp" line="378" status="run" result="completed" time="0.005" timestamp="2025-10-01T23:10:32.320" classname="DiskCacheTest" />
    <testcase name="GetSizeLimitMB_ReturnsConfiguredLimit" file="/Users/vinaysharma/developer/dedup_server/tests/unit/test_disk_cache.cpp" line="394" status="run" result="completed" time="0.003" timestamp="2025-10-01T23:10:32.326" classname="DiskCacheTest" />
    <testcase name="GetCacheLocation_ReturnsCorrectPath" file="/Users/vinaysharma/developer/dedup_server/tests/unit/test_disk_cache.cpp" line="401" status="run" result="completed" time="0.003" timestamp="2025-10-01T23:10:32.329" classname="DiskCacheTest" />
    <testcase name="InitializeWithDefaultValues_Works" file="/Users/vinaysharma/developer/dedup_server/tests/unit/test_disk_cache.cpp" line="410" status="run" result="completed" time="0.003" timestamp="2025-10-01T23:10:32.332" classname="DiskCacheTest" />
    <testcase name="CacheClearedOnRestart" file="/Users/vinaysharma/developer/dedup_server/tests/unit/test_disk_cache.cpp" line="428" status="run" result="completed" time="0.003" timestamp="2025-10-01T23:10:32.335" classname="DiskCacheTest" />
    <testcase name="CacheOperations_NeverTouchSourceFiles" file="/Users/vinaysharma/developer/dedup_server/tests/unit/test_disk_cache.cpp" line="452" status="run" result="completed" time="0.005" timestamp="2025-10-01T23:10:32.339" classname="DiskCacheTest" />
    <testcase name="CacheCleanupOnError_EnsuresFilesAreCleared" file="/Users/vinaysharma/developer/dedup_server/tests/unit/test_disk_cache.cpp" line="643" status="run" result="completed" time="0.004" timestamp="2025-10-01T23:10:32.345" classname="DiskCacheTest" />
    <testcase name="CacheLimitBehavior_DoesNotHaltServer" file="/Users/vinaysharma/developer/dedup_server/tests/unit/test_disk_cache.cpp" line="707" status="run" result="completed" time="0.021" timestamp="2025-10-01T23:10:32.350" classname="DiskCacheTest" />
    <testcase name="RemoveOldestFiles_SkipsFilesInUse" file="/Users/vinaysharma/developer/dedup_server/tests/unit/test_disk_cache.cpp" line="750" status="run" result="completed" time="0.012" timestamp="2025-10-01T23:10:32.371" classname="DiskCacheTest" />
  </testsuite>
</testsuites>
